# serializer version: 1
# name: test_create_qc_decision_success_snapshot
  dict({
    'decided_at': 'NORMALIZED',
    'decision': 'PASS',
    'digital_signature': None,
    'id': 'NORMALIZED',
    'lot_id': '00000000-0000-0000-0000-000000000001',
    'notes': 'Snapshot test notes',
    'operator_id': '00000000-0000-0000-0000-000000000099',
    'qc_gate_id': None,
    'temperature_c': '4.0',
  })
# ---
